// Jest Snapshot v1, https://goo.gl/fbAQLP

exports[`recursiveMap can be used to modify each children of a React node 1`] = `
[
  <div
    className="newTestClassInEveryElement"
  >
    A
  </div>,
  <div
    className="newTestClassInEveryElement"
  >
    <div
      className="newTestClassInEveryElement"
    >
      B
    </div>
  </div>,
  <div
    className="newTestClassInEveryElement"
  >
    <div
      className="newTestClassInEveryElement"
    >
      <div
        className="newTestClassInEveryElement"
      >
        C
      </div>
    </div>
  </div>,
]
`;

exports[`recursiveMap can be used with return values to collect content # 1`] = `
[
  <li>
    Should be included 1/3
  </li>,
  <li>
    Should be included 2/3
  </li>,
  <li>
    Should be included 3/3
  </li>,
]
`;

exports[`recursiveMap can be used with return values to collect content # 2`] = `
[
  <p>
    1/3
  </p>,
  <p>
    2/3
  </p>,
  <p>
    3/3
  </p>,
]
`;
